// Jest Snapshot v1, https://goo.gl/fbAQLP

exports[`TextInput should match the snapshot 1`] = `
ShallowWrapper {
  Symbol(enzyme.__root__): [Circular],
  Symbol(enzyme.__unrendered__): <TextInput />,
  Symbol(enzyme.__renderer__): Object {
    "batchedUpdates": [Function],
    "checkPropTypes": [Function],
    "getNode": [Function],
    "render": [Function],
    "simulateError": [Function],
    "simulateEvent": [Function],
    "unmount": [Function],
  },
  Symbol(enzyme.__node__): Object {
    "instance": null,
    "key": undefined,
    "nodeType": "host",
    "props": Object {
      "children": Array [
        undefined,
        <div
          className="
      undefined
      false
    "
          style={
                    Object {
                              "height": "50px",
                              "width": "100%",
                            }
          }
>
          <input
                    className={undefined}
                    id={undefined}
                    onBlur={[Function]}
                    onChange={[Function]}
                    onFocus={[Function]}
                    placeholder=""
                    style={
                              Object {
                                        "color": "grey",
                                        "fontSize": "16px",
                                      }
                    }
                    type="text"
                    value={undefined}
          />
</div>,
      ],
    },
    "ref": null,
    "rendered": Array [
      undefined,
      Object {
        "instance": null,
        "key": undefined,
        "nodeType": "host",
        "props": Object {
          "children": Array [
            undefined,
            <input
              className={undefined}
              id={undefined}
              onBlur={[Function]}
              onChange={[Function]}
              onFocus={[Function]}
              placeholder=""
              style={
                            Object {
                                          "color": "grey",
                                          "fontSize": "16px",
                                        }
              }
              type="text"
              value={undefined}
/>,
            undefined,
          ],
          "className": "
      undefined
      false
    ",
          "style": Object {
            "height": "50px",
            "width": "100%",
          },
        },
        "ref": null,
        "rendered": Array [
          undefined,
          Object {
            "instance": null,
            "key": undefined,
            "nodeType": "host",
            "props": Object {
              "className": undefined,
              "id": undefined,
              "onBlur": [Function],
              "onChange": [Function],
              "onFocus": [Function],
              "placeholder": "",
              "style": Object {
                "color": "grey",
                "fontSize": "16px",
              },
              "type": "text",
              "value": undefined,
            },
            "ref": null,
            "rendered": null,
            "type": "input",
          },
          undefined,
        ],
        "type": "div",
      },
    ],
    "type": "div",
  },
  Symbol(enzyme.__nodes__): Array [
    Object {
      "instance": null,
      "key": undefined,
      "nodeType": "host",
      "props": Object {
        "children": Array [
          undefined,
          <div
            className="
      undefined
      false
    "
            style={
                        Object {
                                    "height": "50px",
                                    "width": "100%",
                                  }
            }
>
            <input
                        className={undefined}
                        id={undefined}
                        onBlur={[Function]}
                        onChange={[Function]}
                        onFocus={[Function]}
                        placeholder=""
                        style={
                                    Object {
                                                "color": "grey",
                                                "fontSize": "16px",
                                              }
                        }
                        type="text"
                        value={undefined}
            />
</div>,
        ],
      },
      "ref": null,
      "rendered": Array [
        undefined,
        Object {
          "instance": null,
          "key": undefined,
          "nodeType": "host",
          "props": Object {
            "children": Array [
              undefined,
              <input
                className={undefined}
                id={undefined}
                onBlur={[Function]}
                onChange={[Function]}
                onFocus={[Function]}
                placeholder=""
                style={
                                Object {
                                                "color": "grey",
                                                "fontSize": "16px",
                                              }
                }
                type="text"
                value={undefined}
/>,
              undefined,
            ],
            "className": "
      undefined
      false
    ",
            "style": Object {
              "height": "50px",
              "width": "100%",
            },
          },
          "ref": null,
          "rendered": Array [
            undefined,
            Object {
              "instance": null,
              "key": undefined,
              "nodeType": "host",
              "props": Object {
                "className": undefined,
                "id": undefined,
                "onBlur": [Function],
                "onChange": [Function],
                "onFocus": [Function],
                "placeholder": "",
                "style": Object {
                  "color": "grey",
                  "fontSize": "16px",
                },
                "type": "text",
                "value": undefined,
              },
              "ref": null,
              "rendered": null,
              "type": "input",
            },
            undefined,
          ],
          "type": "div",
        },
      ],
      "type": "div",
    },
  ],
  Symbol(enzyme.__options__): Object {
    "adapter": ReactSixteenAdapter {
      "options": Object {
        "enableComponentDidUpdateOnSetState": true,
        "legacyContextMode": "parent",
        "lifecycles": Object {
          "componentDidUpdate": Object {
            "onSetState": true,
          },
          "getChildContext": Object {
            "calledByRenderer": false,
          },
          "getDerivedStateFromError": true,
          "getDerivedStateFromProps": Object {
            "hasShouldComponentUpdateBug": false,
          },
          "getSnapshotBeforeUpdate": true,
          "setState": Object {
            "skipsComponentDidUpdateOnNullish": true,
          },
        },
      },
    },
    Symbol(enzyme.__providerValues__): undefined,
  },
  Symbol(enzyme.__providerValues__): Map {},
  Symbol(enzyme.__childContext__): null,
}
`;
